# Blank lines and lines beginning with # are ignored
# This is a map for a Yamaha PSR-500 keyboard
# This file was done by Dietmar Schnabel (thanks !)

# If you make a new map, please send it to Antonio, so future releases
# will include them.
#       Antonio Larrosa Jimenez,   larrosa@kde.org

# General Midi Map File 

DEFINE PATCHMAP
AcusticPiano  =0
BrightPiano   =0
SynthPiano    =3
HonkyTonky    =2
ElectricPiano1=4
ElectricPiano2=5
Harpsichord   =6
Clavinet      =8
Celeste       =9
Glockenspiel  =40
Musicbox      =41
Vibes         =40
Marimba       =41
Xylophon      =41
TubeBell      =41
Santur        =42
HomeOrg       =12
PercussionOrg =13
RockOrg       =14
ChurchOrg     =10
ReedOrg       =11
Accordion     =16
Harmonica     =17
Concrtna      =17
NylonGuitar   =29
AcusticGuitar =31
JazzGuitar    =24
CleanGuitar   =19
MuteGuitar    =26
OdGuitar      =18
DistortionGuit=23
GtrHarm       =20
AcusticBass   =88
FingerBass    =89
PickBass      =87
FretlessBass  =84
SlapBass1     =87
SlapBass2     =87
SynthBass1    =90
SynthBass2    =91
Violin        =32
Viola         =33
Cello         =34
Contrabajo    =33
Marcato       =34
Pizzicato     =38
Harp          =38
Timpani       =33
Marcato       =34
SlowStrings   =35
SynthStrings1 =36
SynthStrings2 =75
Choir         =72
Doo           =72
Voices        =72
OrchestraHit  =37
Trumpet       =43
Trombone      =47
Tuba          =50
MuteTrumpet   =44
FrenchHorn    =49
HitBrass      =51
SynthBrass1   =52
SynthBrass2   =74
SopranoSax    =60
AltoSax       =61
TenorSax      =62
BaritoneSax   =63
Oboe          =57
EnglishHorn   =58
Bassoon       =59
Clarinet      =55
Piccolo       =53
Flute         =54
Recorder      =66
WoodFlute     =65
Bottle        =55
Shakazul      =55
Whistle       =68
Ocarina       =79
SquareWave    =80
SawWave       =81
Calliope      =82
Chiflead      =83
Charang       =84
VoxLead       =85
Lead5th       =86
BassLead      =87
Fantasia      =88
WarmPad       =89
Polysyn       =90
Ghostie       =91
BowGlass      =92
MetalPad      =93
HaloPad       =94
Sweeper       =95
Aurora        =72
SoundTrack    =72
Crystal       =72
Atmosphear    =72
FreshAir      =100
Unicorn       =101
Sweeper       =102
StarTrak      =103
Sitar         =104
Banjo         =105
Shamisen      =106
Koto          =107
Kalimba       =108
BagPipes      =109
Fiddle        =110
Shannai       =111
Carillon      =112
Agogo         =113
SteelDrm      =114
WoodBlk       =115
Taiko         =116
Toms          =117
Syntom        =118
RevCymbal     =119
Fx-Fret       =120
Fx-Blow       =121
Seashore      =122
Jungle        =123
Telephon      =124
Helicopter    =125
Applause      =126
Gunshot       =127
END

DEFINE KEYMAP "Drumset"
C 0 =0
C#0 =1
D 0 =2
D#0 =3
E 0 =4
F 0 =5
F#0 =6
G 0 =7
G#0 =8
A 0 =9
A#0 =10
B 0 =11
C 1 =12
C#1 =13
D 1 =14
D#1 =15
E 1 =16
F 1 =17
F#1 =18
G 1 =19
G#1 =20
A 1 =21
A#1 =22
B 1 =23
C 2 =24
C#2 =25
D 2 =26
D#2 27 Highq    =27
E 2 28 Slap     =54
F 2 29 Scratch1 =62
F#2 30 Scratch2 =63
G 2 31 Sticks   =22
G#2 32 SqrClick =87
A 2 33 MetaClick=57
A#2 34 MetBell  =55
B 2 35 Kick1    =44
C 3 36 Kick2    =45
C#3 37 StickRim =27
D 3 38 Snare1   =28
D#3 39 Claps    =30
E 3 40 snare2   =25
F 3 41 tomlo2   =24
F#3 42 Hihatclos=72
G 3 43 Tomlo1   =17
G#3 44 HihatPd  =56
A 3 45 Tommid2  =26
A#3 46 Hihatop  =35
B 3 47 Tommid1  =18
C 4 48 Tomhi2   =29
C#4 49 Cymbalcrsh1 =36
D 4 50 Tomhi1      =19
D#4 51 Cymbalride1 =38
E 4 52 Cymbalchina =38
F 4 53 Cymbell     =38
F#4 54 Tamborin    =47
G 4 55 CymbalSplash=37
G#4 56 Cowbell     =31
A 4 57 Cymbalcrash2=36
A#4 58 Vibslap     =39
B 4 59 Cymbalride2 =39
C 5 60 Bongohi  =44
C#5 61 Bongolo  =43
D 5 62 Congahi1 =41
D#5 63 congahi2 =42
E 5 64 Congalo  =40
F 5 65 Timbalehi=46
F#5 66 Timbalelo=45
G 5 67 Agogohi  =51
G#5 68 Agogolo  =50
A 5 69 Cabasa   =32
A#5 70 Maracas  =65
B 5 71 whistle1 =52
C 6 72 whistle2 =53
C#6 73 Guiro1   =74
D 6 74 Guiro2   =74
D#6 75 Clave    =29
E 6 76 Woodblock1=73
F 6 77 Woodblock2=72
F#6 78 Cuica1   =76
G 6 79 Cuica2   =77
G#6 80 Triangle1=13
A 6 81 Triangle2=15
A#6 82 Shaker   =56
B 6 83 Jingles  =75
C 7 84 Belltree =71
C#7 85 Canstinet=85
D 7 86 Surdo1   =86
D#7 87 Surdo2   =87
E 7 =88
F 7 =89
F#7 =90
G 7 =91
G#7 =92
A 7 =93
A#7 =94
B 7 =95
C 8 =96
C#8 =97
D 8 =98
D#8 =99
E 8 =100
F 8 =101
F#8 =102
G 8 =103
G#8 =104
A 8 =105
A#8 =106
B 8 =107
C 9 =108
C#9 =109
D 9 =110
D#9 =111
E 9 =112
F 9 =113
F#9 =114
G 9 =115
G#9 =116
A 9 =117
A#9 =118
B 9 =119
C 10=120
C#10=121
D 10=122
D#10=123
E 10=124
F 10=125
F#10=126
G 10=127
# This line should be ignored
END


DEFINE CHANNELMAP
0 = 0
1 = 1
2 = 2
3 = 3
4 = 4
5 = 5
6 = 6
7 = 7
8 = 8
9 = 9  Keymap "Drumset" ForcePatch 99
10 = 10
11 = 11
12 = 12
13 = 13
14 = 14
15 = 15
END

