# Blank lines and lines beginning with # are ignored
# This is my a map for the Yamaha PSS-790 keyboard
# it can be used as a template to make any new map for any
# other keyboard.
# If you make a new map, please send it to me, so future releases
# will include it.
#       Antonio Larrosa Jimenez,   larrosa@kde.org

# Yamaha PSS-790 Map File 

DEFINE PATCHMAP
AcusticPiano  =3
BrightPiano   =3
SynthPiano    =54
HonkyTonky    =25
ElectricPiano1=25
ElectricPiano2=25
Harpsichord   =53
Clavinet      =30
Celeste       =6
Glockenspiel  =64
Musicbox      =24
Vibes         =28
Marimba       =8
Xylophon      =24
TubeBell      =95
Santur        =30
HomeOrg       =1
PercussionOrg =2
RockOrg       =11
ChurchOrg     =29
ReedOrg       =49
Accordion     =31
Harmonica     =22
Concrtna      =3
NylonGuitar   =36
AcusticGuitar =68
JazzGuitar    =122
CleanGuitar   =68
MuteGuitar    =12
OdGuitar      =123
DistortionGuit=13
GtrHarm       =72
AcusticBass   =38
FingerBass    =39
PickBass      =79
FretlessBass  =80
SlapBass1     =14
SlapBass2     =81
SynthBass1    =58
SynthBass2    =86
Violin        =10
Viola         =67
Cello         =67
Contrabajo    =41
Marcato       =41
Pizzicato     =78
Harp          =37
Timpani       =66
Marcato       =41
SlowStrings   =50
SynthStrings1 =41
SynthStrings2 =50
Choir         =96
Doo           =94
Voices        =96
OrchestraHit  =90
Trumpet       =15
Trombone      =16
Tuba          =84
MuteTrumpet   =44
FrenchHorn    =17
HitBrass      =92
SynthBrass1   =0
SynthBrass2   =82
SopranoSax    =101
AltoSax       =18
TenorSax      =102
BaritoneSax   =101
Oboe          =19
EnglishHorn   =87
Bassoon       =87
Clarinet      =19
Piccolo       =103
Flute         =20
Recorder      =88
WoodFlute     =111
Bottle        =111
Shakazul      =110
Whistle       =88
Ocarina       =93
SquareWave    =54
SawWave       =54
Calliope      =22
Chiflead      =9
Charang       =19
VoxLead       =96
Lead5th       =41
BassLead      =95
Fantasia      =111
WarmPad       =51
Polysyn       =60
Ghostie       =94
BowGlass      =33
MetalPad      =9
HaloPad       =111
Sweeper       =78
Aurora        =60
SoundTrack    =84
Crystal       =60
Atmosphear    =51
FreshAir      =60
Unicorn       =93
Sweeper       =112
StarTrak      =117
Sitar         =73
Banjo         =34
Shamisen      =73
Koto          =70
Kalimba       =73
BagPipes      =11
Fiddle        =67
Shannai       =11
Carillon      =64
Agogo         =91
SteelDrm      =9
WoodBlk       =35
Taiko         =100 AllKeysTo 60
Toms          =66
Syntom        =85
RevCymbal     =100 AllKeysTo 60
Fx-Fret       =121
Fx-Blow       =94
Seashore      =100 AllKeysTo 79
Jungle        =70
Telephon      =91
Helicopter    =111
Applause      =100 AllKeysTo 79
Gunshot       =100 AllKeysTo 38

END

DEFINE KEYMAP "Drumset"
C 0 =0
C#0 =1
D 0 =2
D#0 =3
E 0 =4
F 0 =5
F#0 =6
G 0 =7
G#0 =8
A 0 =9
A#0 =10
B 0 =11
C 1 =12
C#1 =13
D 1 =14
D#1 =15
E 1 =16
F 1 =17
F#1 =18
G 1 =19
G#1 =20
A 1 =21
A#1 =22
B 1 =23
C 2 =24
C#2 =25
D 2 =26
D#2 27 Highq    =27
E 2 28 Slap     =54
F 2 29 Scratch1 =29
F#2 30 Scratch2 =30
G 2 31 Sticks   =46
G#2 32 SqrClick =87
A 2 33 MetaClick=57
A#2 34 MetBell  =55
B 2 35 AcousticBassDrum=44
C 3 36 BassDrum1=47
C#3 37 StickRim =46
D 3 38 AcSnare  =47
D#3 39 Claps    =63
E 3 40 ElectSnare  =49
F 3 41 LowFloorTom =48
F#3 42 Hihatclos   =57
G 3 43 HighFloorTom=50
G#3 44 PedalHihat  =80
A 3 45 LowTom      =47
A#3 46 OpenHihat   =59
B 3 47 LowMidTom   =48
C 4 48 HiMidTom    =50
C#4 49 Cymbalcrsh1 =60
D 4 50 HiTom       =53
D#4 51 Cymbalride1 =63
E 4 52 Cymbalchina =60
F 4 53 RideBell    =62
F#4 54 Tambourin   =71
G 4 55 CymbalSplash=61
G#4 56 Cowbell     =55
A 4 57 Cymbalcrash2=60
A#4 58 Vibraslap   =79
B 4 59 Cymbalride2 =62
C 5 60 Bongohi     =68
C#5 61 Bongolo     =67
D 5 62 MuteHiConga =66
D#5 63 OpenHiConga =65
E 5 64 LowConga    =64
F 5 65 HiTimbale   =70
F#5 66 LoTimbale   =69
G 5 67 HiAgogo     =75
G#5 68 LoAgogo     =74
A 5 69 Cabasa      =56
A#5 70 Maracas     =56
B 5 71 ShortWhistle=78
C 6 72 LongWhistle =78
C#6 73 ShortGuiro  =79
D 6 74 LongGuiro   =71
D#6 75 Clave       =72
E 6 76 HiWoodBlock =73
F 6 77 LoWoodBlock =72
F#6 78 MuteCuica   =77
G 6 79 OpenCuica   =76
G#6 80 MuteTriangle=37
A 6 81 OpenTriangle=39
A#6 82 Shaker   =56
B 6 83 Jingles  =75
C 7 84 Belltree =63
C#7 85 Canstinet=85
D 7 86 Surdo1   =86
D#7 87 Surdo2   =87
E 7 =88
F 7 =89
F#7 =90
G 7 =91
G#7 =92
A 7 =93
A#7 =94
B 7 =95
C 8 =96
C#8 =97
D 8 =98
D#8 =99
E 8 =100
F 8 =101
F#8 =102
G 8 =103
G#8 =104
A 8 =105
A#8 =106
B 8 =107
C 9 =108
C#9 =109
D 9 =110
D#9 =111
E 9 =112
F 9 =113
F#9 =114
G 9 =115
G#9 =116
A 9 =117
A#9 =118
B 9 =119
C 10=120
C#10=121
D 10=122
D#10=123
E 10=124
F 10=125
F#10=126
G 10=127
# This line should be ignored
END


DEFINE CHANNELMAP
0 = 0
1 = 1
2 = 2
3 = 3
4 = 4
5 = 5
6 = 6
7 = 7
8 = 8
9 = 15 Keymap "Drumset" ForcePatch 100
10 = 10
11 = 11
12 = 12
13 = 13
14 = 14
15 = 9
END

OPTIONS
PitchBenderRatio = 672
MapExpressionToVolumeEvents
END

